// Jest Snapshot v1, https://goo.gl/fbAQLP

exports[`App snapshot renders 1`] = `
<div
  id="container"
>
  <iframe
    id="google-iframe"
    src="https://www.google.com/webhp?igu=1"
    style={
      Object {
        "display": "block",
      }
    }
  />
  <div>
    <button
      data-testid="return-button"
      id="return-button"
      onClick={[Function]}
      type="submit"
    >
      Return
    </button>
  </div>
</div>
`;
